npm warn Unknown env config "http-proxy". This will stop working in the next major version of npm.

> pokemon-battle@1.8.0 test:differential
> node tests/differential/run-report.mjs && node tests/differential/damage-sweep.mjs

  • Gym Leader 1 Brock: signature "Sudowoodo" is gen 2, outside pkmGens [1] — filtered out at roll time
  • Gym Leader 1 Falkner: signature "Staraptor" is gen 4, outside pkmGens [1,2,3] — filtered out at roll time
  • Gym Leader 1 Falkner: signature "Honchkrow" is gen 4, outside pkmGens [1,2,3] — filtered out at roll time
  • Gym Leader 1 Roark: signature "Cradily" is gen 3, outside pkmGens [1,4] — filtered out at roll time
  • Gym Leader 1 Viola: signature "Ribombee" is gen 7, outside pkmGens [3,4,6] — filtered out at roll time
  • Gym Leader 1 Milo: signature "Tsareena" is gen 7, outside pkmGens [2,8] — filtered out at roll time
  • Gym Leader 1 Katy: signature "Kleavor" is gen 8, outside pkmGens [2,9] — filtered out at roll time
  • Gym Leader 1 Katy: signature "Vespiquen" is gen 4, outside pkmGens [2,9] — filtered out at roll time
  • Gym Leader 2 Brawly: signature "Hawlucha" is gen 6, outside pkmGens [1,3] — filtered out at roll time
  • Gym Leader 2 Grant: signature "Cradily" is gen 3, outside pkmGens [1,6] — filtered out at roll time
  • Gym Leader 2 Nessa: signature "Pelipper" is gen 3, outside pkmGens [1,7,8] — filtered out at roll time
  • Gym Leader 2 Brassius: signature "Gogoat" is gen 6, outside pkmGens [2,3,5,9] — filtered out at roll time
  • Gym Leader 3 Lt. Surge: signature "Electivire" is gen 4, outside pkmGens [1] — filtered out at roll time
  • Gym Leader 3 Lt. Surge: signature "Manectric" is gen 3, outside pkmGens [1] — filtered out at roll time
  • Gym Leader 3 Wattson: signature "Ampharos" is gen 2, outside pkmGens [1,3,4] — filtered out at roll time
  • Gym Leader 3 Wattson: signature "Heliolisk" is gen 6, outside pkmGens [1,3,4] — filtered out at roll time
  • Gym Leader 4 Morty: signature "Chandelure" is gen 5, outside pkmGens [1,2,4] — filtered out at roll time
  • Gym Leader 4 Flannery: signature "Arcanine" is gen 1, outside pkmGens [2,3] — filtered out at roll time
  • Gym Leader 4 Ramos: signature "Tangrowth" is gen 4, outside pkmGens [1,2,6] — filtered out at roll time
  • Gym Leader 5 Norman: signature "Kangaskhan" is gen 1, outside pkmGens [3,4] — filtered out at roll time
  • Gym Leader 6 Jasmine: signature "Bronzong" is gen 4, outside pkmGens [1,2,3] — filtered out at roll time
  • Gym Leader 7 Pryce: signature "Walrein" is gen 3, outside pkmGens [1,2,4] — filtered out at roll time
  • Gym Leader 7 Pryce: signature "Glalie" is gen 3, outside pkmGens [1,2,4] — filtered out at roll time
  • Gym Leader 7 Tate: signature "Slowbro" is gen 1, outside pkmGens [2,3,4] — filtered out at roll time
  • Gym Leader 7 Tulip: signature "Gallade" is gen 4, outside pkmGens [3,6,9] — filtered out at roll time
  • Gym Leader 8 Wallace: signature "Gyarados" is gen 1, outside pkmGens [3] — filtered out at roll time
  • Gym Leader 8 Grusha: signature "Weavile" is gen 4, outside pkmGens [3,5,8,9] — filtered out at roll time
  • E1 Malva: signature "Houndoom" is gen 2, outside pkmGens [3,5,6] — filtered out at roll time
  • E3 Agatha: signature "Drapion" is gen 4, outside pkmGens [1,2] — filtered out at roll time
  • E4 Drake: signature "Dragonite" is gen 1, outside pkmGens [2,3,5] — filtered out at roll time
  • Champion Steven Stone: signature "Skarmory" is gen 2, outside pkmGens [1,3,6] — filtered out at roll time
  • Champion Cynthia: signature "Milotic" is gen 3, outside pkmGens [4] — filtered out at roll time
  • Champion Leon: signature "Rhyperior" is gen 4, outside pkmGens [1,5,6,8] — filtered out at roll time
  ✅ agrees           seminvuln-selfboost-fly
  ✅ agrees           seminvuln-selfboost-dig
  ✅ agrees           seminvuln-selfboost-dive
  ✅ agrees           seminvuln-selfboost-bounce
  ✅ agrees           seminvuln-selfboost-phantomforce
  🔍 no divergence   seminvuln-gust-hits-fly
  ✅ agrees           seminvuln-twave-misses-fly
  ✅ agrees           stat-growl-atk
  ✅ agrees           stat-leer-def
  ✅ agrees           stat-scaryface-spe
  ✅ agrees           stat-charm-atk2
  ✅ agrees           status-thunderwave-par
  ✅ agrees           status-willowisp-brn
  ✅ agrees           status-toxic-tox
  ✅ agrees           status-spore-slp
  ✅ agrees           status-glare-par
  🔍 no divergence   status-willowisp-vs-fire
  🔍 no divergence   status-twave-vs-electric
  🔍 no divergence   status-twave-vs-ground
  🔍 no divergence   imm-eq-vs-flying
  🔍 no divergence   imm-eq-vs-levitate
  🔍 no divergence   imm-eq-vs-airballoon
  🔍 no divergence   imm-tbolt-vs-ground
  🔍 no divergence   imm-tbolt-vs-voltabsorb
  🔍 no divergence   imm-surf-vs-waterabsorb
  🔍 no divergence   imm-flamethrower-vs-flashfire
  🔍 no divergence   imm-gigadrain-vs-sapsipper
  🔍 no divergence   imm-bodyslam-vs-ghost
  🔍 no divergence   imm-aurasphere-vs-ghost
  🔍 no divergence   fixed-seismic-toss
  🔍 no divergence   fixed-night-shade
  🔍 no divergence   fixed-dragon-rage
  🔍 no divergence   fixed-sonic-boom
  ✅ agrees           protect-blocks-damage
  🔍 no divergence   protect-blocks-status
  🔍 no divergence   substitute-blocks-status
  🔍 no divergence   moldbreaker-ignores-levitate
  🔍 no divergence   scrappy-hits-ghost
  🔍 no divergence   sturdy-survives-ohko
  🔍 no divergence   focussash-survives-ohko
  ✅ agrees           speed-boost-ramp
  ✅ agrees           speed-boost-switchin
  🔍 no divergence   switchin-intimidate
  🔍 no divergence   hazard-stealth-rock-entry
  🔍 no divergence   prankster-vs-dark
  🔍 no divergence   psychic-terrain-blocks-priority
  🔍 no divergence   gravity-grounds-flying
  🔍 no divergence   weakness-policy-se
  🔍 no divergence   flame-orb-self-burn
  🔍 no divergence   toxic-orb-self-poison
  🔍 no divergence   sand-chip
  🔍 no divergence   speed-order-baseline
  🔍 no divergence   priority-quick-attack
  🔍 no divergence   trick-room-order
  🔍 no divergence   self-ko-explosion
  🔍 no divergence   super-fang-fraction
  🔍 no divergence   gale-wings-priority
  🔍 no divergence   triage-priority
  ✅ agrees           sanity-swords-dance-normal
  ✅ agrees           sanity-tackle-neutral-damage
  ✅ agrees           sanity-super-effective-faint
  🔍 no divergence   gravity-blocks-fly
  🔍 no divergence   probe-freeze-dry-vs-water
  🔍 no divergence   probe-toxic-residual-ramp
  🔍 divergence (investigate) probe-multi-hit-bullet-seed

Wrote /workspace/scratch/c83077bc388d/battle/tests/differential/DIVERGENCE_REPORT.md
Bugs caught 0/0 · sanity clean 21/21 · false positives 0
  • Gym Leader 1 Brock: signature "Sudowoodo" is gen 2, outside pkmGens [1] — filtered out at roll time
  • Gym Leader 1 Falkner: signature "Staraptor" is gen 4, outside pkmGens [1,2,3] — filtered out at roll time
  • Gym Leader 1 Falkner: signature "Honchkrow" is gen 4, outside pkmGens [1,2,3] — filtered out at roll time
  • Gym Leader 1 Roark: signature "Cradily" is gen 3, outside pkmGens [1,4] — filtered out at roll time
  • Gym Leader 1 Viola: signature "Ribombee" is gen 7, outside pkmGens [3,4,6] — filtered out at roll time
  • Gym Leader 1 Milo: signature "Tsareena" is gen 7, outside pkmGens [2,8] — filtered out at roll time
  • Gym Leader 1 Katy: signature "Kleavor" is gen 8, outside pkmGens [2,9] — filtered out at roll time
  • Gym Leader 1 Katy: signature "Vespiquen" is gen 4, outside pkmGens [2,9] — filtered out at roll time
  • Gym Leader 2 Brawly: signature "Hawlucha" is gen 6, outside pkmGens [1,3] — filtered out at roll time
  • Gym Leader 2 Grant: signature "Cradily" is gen 3, outside pkmGens [1,6] — filtered out at roll time
  • Gym Leader 2 Nessa: signature "Pelipper" is gen 3, outside pkmGens [1,7,8] — filtered out at roll time
  • Gym Leader 2 Brassius: signature "Gogoat" is gen 6, outside pkmGens [2,3,5,9] — filtered out at roll time
  • Gym Leader 3 Lt. Surge: signature "Electivire" is gen 4, outside pkmGens [1] — filtered out at roll time
  • Gym Leader 3 Lt. Surge: signature "Manectric" is gen 3, outside pkmGens [1] — filtered out at roll time
  • Gym Leader 3 Wattson: signature "Ampharos" is gen 2, outside pkmGens [1,3,4] — filtered out at roll time
  • Gym Leader 3 Wattson: signature "Heliolisk" is gen 6, outside pkmGens [1,3,4] — filtered out at roll time
  • Gym Leader 4 Morty: signature "Chandelure" is gen 5, outside pkmGens [1,2,4] — filtered out at roll time
  • Gym Leader 4 Flannery: signature "Arcanine" is gen 1, outside pkmGens [2,3] — filtered out at roll time
  • Gym Leader 4 Ramos: signature "Tangrowth" is gen 4, outside pkmGens [1,2,6] — filtered out at roll time
  • Gym Leader 5 Norman: signature "Kangaskhan" is gen 1, outside pkmGens [3,4] — filtered out at roll time
  • Gym Leader 6 Jasmine: signature "Bronzong" is gen 4, outside pkmGens [1,2,3] — filtered out at roll time
  • Gym Leader 7 Pryce: signature "Walrein" is gen 3, outside pkmGens [1,2,4] — filtered out at roll time
  • Gym Leader 7 Pryce: signature "Glalie" is gen 3, outside pkmGens [1,2,4] — filtered out at roll time
  • Gym Leader 7 Tate: signature "Slowbro" is gen 1, outside pkmGens [2,3,4] — filtered out at roll time
  • Gym Leader 7 Tulip: signature "Gallade" is gen 4, outside pkmGens [3,6,9] — filtered out at roll time
  • Gym Leader 8 Wallace: signature "Gyarados" is gen 1, outside pkmGens [3] — filtered out at roll time
  • Gym Leader 8 Grusha: signature "Weavile" is gen 4, outside pkmGens [3,5,8,9] — filtered out at roll time
  • E1 Malva: signature "Houndoom" is gen 2, outside pkmGens [3,5,6] — filtered out at roll time
  • E3 Agatha: signature "Drapion" is gen 4, outside pkmGens [1,2] — filtered out at roll time
  • E4 Drake: signature "Dragonite" is gen 1, outside pkmGens [2,3,5] — filtered out at roll time
  • Champion Steven Stone: signature "Skarmory" is gen 2, outside pkmGens [1,3,6] — filtered out at roll time
  • Champion Cynthia: signature "Milotic" is gen 3, outside pkmGens [4] — filtered out at roll time
  • Champion Leon: signature "Rhyperior" is gen 4, outside pkmGens [1,5,6,8] — filtered out at roll time
  ✅ ranges overlap     item-choice-band  ih[8-9] sd[9-14]
  ✅ ranges overlap     item-choice-specs  ih[58-69] sd[58-97]
  ✅ ranges overlap     item-life-orb  ih[51-60] sd[51-83]
  ✅ ranges overlap     item-charcoal-type  ih[40-65] sd[39-64]
  ✅ ranges overlap     ability-huge-power  ih[6-7] sd[6-11]
  ✅ ranges overlap     ability-adaptability  ih[64-104] sd[62-104]
  ✅ ranges overlap     ability-technician  ih[27-33] sd[27-46]
  ✅ ranges overlap     def-thick-fat  ih[26-44] sd[27-43]
  ✅ ranges overlap     def-multiscale  ih[18-21] sd[18-31]
  ✅ ranges overlap     weather-rain-water  ih[67-75] sd[69-114]
  ✅ ranges overlap     weather-sun-fire  ih[67-95] sd[69-114]
  ✅ ranges overlap     weather-sun-water-weak  ih[24-28] sd[22-37]
  ✅ ranges overlap     screen-reflect-phys  ih[23-82] sd[23-27]
  ✅ ranges overlap     screen-lightscreen-spec  ih[26-89] sd[26-87]
  ✅ ranges overlap     item-expert-belt-se  ih[101-121] sd[101-166]
  ✅ ranges overlap     item-tinted-lens-resist  ih[100-118] sd[100-168]
  ✅ ranges overlap     ability-moldbreaker-vs-thickfat  ih[24-42] sd[24-39]
  ✅ ranges overlap     terrain-electric  ih[51-58] sd[52-85]
  ✅ ranges overlap     terrain-grassy  ih[41-50] sd[42-84]
  ✅ ranges overlap     ability-sheer-force  ih[49-82] sd[49-82]
  ✅ ranges overlap     ability-tough-claws  ih[59-69] sd[59-97]
  ✅ ranges overlap     ability-iron-fist  ih[199-325] sd[196-325]
  ✅ ranges overlap     ability-strong-jaw  ih[100-118] sd[100-168]
  ✅ ranges overlap     ability-mega-launcher  ih[43-50] sd[43-71]
  ✅ ranges overlap     ability-reckless  ih[121-142] sd[121-201]
  ✅ ranges overlap     ability-neuroforce  ih[72-110] sd[72-87]
  ✅ ranges overlap     def-filter-se  ih[76-92] sd[76-127]
  ✅ ranges overlap     def-fur-coat  ih[33-37] sd[33-54]
  ✅ ranges overlap     def-ice-scales  ih[30-35] sd[30-49]
  ✅ ranges overlap     def-heatproof  ih[26-36] sd[27-43]
  ✅ ranges overlap     def-fluffy-contact  ih[31-36] sd[32-51]
  ✅ ranges overlap     def-dry-skin-fire  ih[64-86] sd[64-108]
  ✅ ranges overlap     item-muscle-band  ih[69-80] sd[70-114]
  ✅ ranges overlap     item-wise-glasses  ih[57-67] sd[57-94]
  ✅ ranges overlap     item-occa-berry-se  ih[51-65] sd[51-85]
  ✅ ranges overlap     recoil-brave-bird  ih[119-119] sd[119-119]
  ✅ ranges overlap     recoil-life-orb  ih[13-13] sd[13-13]
  ✅ ranges overlap     contact-rough-skin  ih[29-29] sd[29-29]
  ✅ ranges overlap     contact-rocky-helmet  ih[39-39] sd[39-39]
  ✅ ranges overlap     ability-guts-burn  ih[94-168] sd[94-142]
  ✅ ranges overlap     burn-halves-physical  ih[133-226] sd[135-224]
  ✅ ranges overlap     def-marvel-scale  ih[39-64] sd[39-66]
  ✅ ranges overlap     knockoff-item-boost  ih[169-198] sd[169-282]
  ✅ ranges overlap     sand-spd-rock  ih[43-51] sd[43-72]
  ✅ ranges overlap     multihit-skill-link  ih[89-112] sd[96-117]
  ✅ ranges overlap     facade-status  ih[109-195] sd[109-165]
  ✅ ranges overlap     hex-status  ih[42-88] sd[42-90]
  ✅ ranges overlap     acrobatics-no-item  ih[93-109] sd[93-154]
  ✅ ranges overlap     gyro-ball-slow  ih[40-45] sd[42-69]
  ✅ ranges overlap     weather-ball-rain  ih[67-75] sd[69-114]
  ✅ ranges overlap     stored-power-boosts  ih[51-58] sd[52-85]
  ✅ ranges overlap     ability-analytic  ih[58-69] sd[58-97]
  ✅ ranges overlap     ability-stakeout-lead  ih[47-55] sd[47-77]

Wrote /workspace/scratch/c83077bc388d/battle/tests/differential/DAMAGE_SWEEP_REPORT.md
Unexpected divergences: 0/53
npm notice
npm notice New major version of npm available! 11.9.0 -> 12.0.2
npm notice Changelog: https://github.com/npm/cli/releases/tag/v12.0.2
npm notice To update run: npm install -g npm@12.0.2
npm notice
