npm warn Unknown env config "http-proxy". This will stop working in the next major version of npm.

> pokemon-battle@1.8.0 lint
> eslint scripts/ tests/ online-pvp.js move-anim-map.js move-sfx-map.js online-config.example.js game-upgrades.js


/workspace/scratch/c83077bc388d/battle/move-anim-map.js
  1:7  warning  'MOVE_ANIM_MAP' is assigned a value but never used. Allowed unused vars must match /^_/u  no-unused-vars

/workspace/scratch/c83077bc388d/battle/move-sfx-map.js
  1:7  warning  'MOVE_SFX_MAP' is assigned a value but never used. Allowed unused vars must match /^_/u  no-unused-vars

/workspace/scratch/c83077bc388d/battle/online-pvp.js
   16:9   warning  'hostStartedBattle' is assigned a value but never used. Allowed unused vars must match /^_/u  no-unused-vars
   67:14  warning  'mergeData' is defined but never used. Allowed unused vars must match /^_/u                   no-unused-vars
  703:48  warning  'settings' is defined but never used. Allowed unused args must match /^_/u                    no-unused-vars

/workspace/scratch/c83077bc388d/battle/scripts/build-dojo-dex.mjs
  34:7  warning  'g9' is assigned a value but never used. Allowed unused vars must match /^_/u  no-unused-vars

/workspace/scratch/c83077bc388d/battle/scripts/build/story-scenes.generated.js
     5:15  warning  'MAIN_STORY_BEATS' is assigned a value but never used. Allowed unused vars must match /^_/u     no-unused-vars
    84:15  warning  'VILLAIN_STORY_BEATS' is assigned a value but never used. Allowed unused vars must match /^_/u  no-unused-vars
   657:15  warning  'EXTRA_STORY_BEATS' is assigned a value but never used. Allowed unused vars must match /^_/u    no-unused-vars
  1076:15  warning  'STORY_SCENES' is assigned a value but never used. Allowed unused vars must match /^_/u         no-unused-vars

/workspace/scratch/c83077bc388d/battle/scripts/debug/autopilot-player.mjs
  143:31   warning  'did' is assigned a value but never used. Allowed unused vars must match /^_/u  no-unused-vars
  169:102  warning  'r' is assigned a value but never used. Allowed unused vars must match /^_/u    no-unused-vars

/workspace/scratch/c83077bc388d/battle/scripts/debug/autopilot.mjs
  504:11  warning  'before' is assigned a value but never used. Allowed unused vars must match /^_/u  no-unused-vars

/workspace/scratch/c83077bc388d/battle/scripts/debug/balance/kit-quality.mjs
   46:7   warning  'r3' is assigned a value but never used. Allowed unused vars must match /^_/u     no-unused-vars
  180:11  warning  'iNat' is assigned a value but never used. Allowed unused vars must match /^_/u   no-unused-vars
  180:60  warning  'iAbil' is assigned a value but never used. Allowed unused vars must match /^_/u  no-unused-vars

/workspace/scratch/c83077bc388d/battle/scripts/debug/story-playthrough.mjs
  132:47  warning  'label' is defined but never used. Allowed unused args must match /^_/u        no-unused-vars
  475:11  warning  'sm' is assigned a value but never used. Allowed unused vars must match /^_/u  no-unused-vars

/workspace/scratch/c83077bc388d/battle/scripts/debug/story-team-sweep.mjs
  35:7  warning  'typesOf' is assigned a value but never used. Allowed unused vars must match /^_/u  no-unused-vars

/workspace/scratch/c83077bc388d/battle/scripts/download-mega-gmax-sprites.mjs
  209:9  warning  'results' is assigned a value but never used. Allowed unused vars must match /^_/u  no-unused-vars

/workspace/scratch/c83077bc388d/battle/scripts/gen-op-abilities.mjs
  180:9  warning  'special' is assigned a value but never used. Allowed unused vars must match /^_/u  no-unused-vars

/workspace/scratch/c83077bc388d/battle/scripts/generate_builds.js
  216:15  warning  'natureFirst' is assigned a value but never used. Allowed unused vars must match /^_/u  no-unused-vars

✖ 22 problems (0 errors, 22 warnings)

